// Jest Snapshot v1, https://goo.gl/fbAQLP

exports[`SiteHeader renders properly 1`] = `
<div class="container">
  <div class="row">
    <div class="col-md-2 col-2"><a href="#" class="a-button-grey navbar-light navbar-nav nav-link" role="button">¡Suscribete!</a></div>
    <div class="col-md-8 col-xs-12 text-center"><span>© Illustrarama.com 2018</span>
      <p>Hecho con <i class="fa fa-heart"></i> por <a href="https://www.illustrarama.com/about">Illustrarama</a></p>
    </div>
    <div class="col-md-2 col-xs-12 text-center">Siguenos en: <a href="https://www.facebook.com/illustrarama" target="_blank" rel="noopener" class="pull-right"><img src="/ico-facebook.png" alt="Facebook logo to illustrarama fanpage" class="img img-responsive"></a></div>
  </div>
  <b-modal-stub id="modal-1" size="md" buttonsize="" title="" titletag="h5" bodyclass="modalito" hideheader="true" hidefooter="true" headercloselabel="Close" canceltitle="Cancel" oktitle="OK" cancelvariant="secondary" okvariant="primary">
    <div class="d-block text-center">
      <b-row-stub tag="div">
        <b-col-stub cols="12" md="4" tag="div" class="bgsubs"></b-col-stub>
        <b-col-stub tag="div" class="col-sub">
          <h3 class="title-subs">Suscribete a nuestras noticias!</h3>
          <p class="text-justify last-text-subs">¡Puedes recibir noticias directamente a tu correo con solo suscribirte aquí!
            <br> <small>Estarás recibiendo noticias semanales con lo mas relevante de la semana</small>
          </p>
          <form>
            <b-form-input-stub id="input-1" required="true" value="" placeholder="Escribe tu correo eletrónico" debounce="0" type="email"></b-form-input-stub> <span class="error"></span>
            <b-button-stub target="_self" event="click" routertag="a" block="true" variant="secondary" type="submit" tag="button" class="mt-3 btn btn-outline-danger button-subs-space">Suscribete</b-button-stub>
          </form>
        </b-col-stub>
      </b-row-stub>
    </div>
  </b-modal-stub>
</div>
`;
